// Jest Snapshot v1, https://goo.gl/fbAQLP

exports[`SearchResultsContainer.vue SearchResultsContainer has same HTML structure 1`] = `<SearchResults-stub headers="[object Object],[object Object],[object Object],[object Object],[object Object],[object Object],[object Object],[object Object],[object Object],[object Object],[object Object],[object Object],[object Object]" results="" rowsPerPageItems="10,20,40,80"></SearchResults-stub>`;
