// Jest Snapshot v1, https://goo.gl/fbAQLP

exports[`BeerCardSummary.vue BeerCardSummary has same HTML structure 1`] = `
<div>
  <v-card-title-stub>
    <h1>
      Buzz
      <span class="tagline font-italic">A Real Bitter Experience.</span></h1>
  </v-card-title-stub>
  <v-card-text-stub class="text-xs-left pt-0">
    <v-flex-stub tag="div" xs12="" pb-2="">
      <v-card-stub tag="div" class="beer-card-summary">
        <v-layout-stub tag="div">
          <v-flex-stub tag="div" xs6="" pa-4="">
            <BeerCardValues-stub beer="[object Object]"></BeerCardValues-stub>
          </v-flex-stub>
          <v-divider-stub vertical="true"></v-divider-stub>
          <v-flex-stub tag="div" xs6="" pa-4="">
            <v-flex-stub tag="div" pb-2="">
              <div class="font-weight-bold">Description</div>
              <div>A light, crisp and bitter IPA brewed with English and American hops. A small batch brewed only once.</div>
            </v-flex-stub>
            <v-flex-stub tag="div" pb-2="">
              <div class="font-weight-bold">Brewers tips</div>
              <div>The earthy and floral aromas from the hops can be overpowering. Drop a little Cascade in at the end of the boil to lift the profile with a bit of citrus.</div>
            </v-flex-stub>
            <div class="font-weight-bold">Food pairing</div>
            <div>Spicy chicken tikka masala</div>
            <div>Grilled chicken quesadilla</div>
            <div>Caramel toffee cake</div>
          </v-flex-stub>
        </v-layout-stub>
      </v-card-stub>
    </v-flex-stub>
    <v-slide-y-transition-stub origin="top center 0">
      <BeerCardDetails-stub method="[object Object]" ingredients="[object Object]" style="display:none;"></BeerCardDetails-stub>
    </v-slide-y-transition-stub>
    <v-flex-stub tag="div" text-xs-center="">
      <v-btn-stub activeClass="v-btn--active" tag="button" flat="true" type="button">Show More</v-btn-stub>
    </v-flex-stub>
  </v-card-text-stub>
</div>
`;
